[vaquinhasoliidaria.site/pets/indexe8d9.html]
[backblue.gif]
[fade.gif]
[index.html]
[cdn.jsdelivr.net/npm/alpinejs@3.x.x/dist/cdn.min.js]
[cdn.utmify.com.br/scripts/pixel/pixel.js]
[cdn.utmify.com.br/scripts/utms/latest.js]
[vaquinhasoliidaria.site/pets/images/IMG_0619.png]
[vaquinhasoliidaria.site/pets/images/Logotipo delicado monograma feminino bege e branco.jpg]
[vaquinhasoliidaria.site/pets/images/dog2.jpg]
[vaquinhasoliidaria.site/pets/images/dog3.jpg]
[vaquinhasoliidaria.site/pets/pagamento/index46f4.html]
[vaquinhasoliidaria.site/pets/pagamento/index2218.html]
[vaquinhasoliidaria.site/pets/pagamento/index8473.html]
[vaquinhasoliidaria.site/pets/pagamento/index3291.html]
[vaquinhasoliidaria.site/pets/pagamento/index3eab.html]
[vaquinhasoliidaria.site/pets/pagamento/index0da7.html]
[vaquinhasoliidaria.site/pets/pagamento/index3c08.html]
[vaquinhasoliidaria.site/pets/pagamento/indexdf6d.html]
[vaquinhasoliidaria.site/pets/indexe8d9.html]
[vaquinhasoliidaria.site/pets/pagamento/index6651.html]
[vaquinhasoliidaria.site/pets/pagamento/images/logo.png]
[vaquinhasoliidaria.site/pets/pagamento/images/tip-copy-paste.svg]
[vaquinhasoliidaria.site/pets/pagamento/images/tip-smartphone-confirmation.svg]
[vaquinhasoliidaria.site/pets/pagamento/index46f4.html]
[vaquinhasoliidaria.site/pets/pagamento/index2218.html]
[vaquinhasoliidaria.site/pets/pagamento/index8473.html]
[vaquinhasoliidaria.site/pets/pagamento/index3291.html]
[vaquinhasoliidaria.site/pets/pagamento/index3eab.html]
[vaquinhasoliidaria.site/pets/pagamento/index0da7.html]
[vaquinhasoliidaria.site/pets/pagamento/index3c08.html]
[vaquinhasoliidaria.site/pets/pagamento/indexdf6d.html]
[vaquinhasoliidaria.site/pets/pagamento/index6651.html]
[vaquinhasoliidaria.site/pets/pagamento/images/tip-copy-paste.svg]
[vaquinhasoliidaria.site/pets/pagamento/images/tip-smartphone-confirmation.svg]
